2025-12-25 09:23:06.707 [background-preinit] INFO  o.h.validator.internal.util.Version - HV000001: Hibernate Validator 8.0.1.Final
2025-12-25 09:23:06.740 [restartedMain] INFO  com.example.demo.Demo1Application - Starting Demo1Application using Java 17.0.15 with PID 36096 (D:\workspace\java项目\demo10\target\classes started by MyPC in D:\workspace\java项目\demo10)
2025-12-25 09:23:06.740 [restartedMain] DEBUG com.example.demo.Demo1Application - Running with Spring Boot v3.1.5, Spring v6.0.13
2025-12-25 09:23:06.741 [restartedMain] INFO  com.example.demo.Demo1Application - No active profile set, falling back to 1 default profile: "default"
2025-12-25 09:23:07.892 [restartedMain] INFO  o.a.coyote.http11.Http11NioProtocol - Initializing ProtocolHandler ["http-nio-8080"]
2025-12-25 09:23:07.893 [restartedMain] INFO  o.a.catalina.core.StandardService - Starting service [Tomcat]
2025-12-25 09:23:07.893 [restartedMain] INFO  o.a.catalina.core.StandardEngine - Starting Servlet engine: [Apache Tomcat/10.1.15]
2025-12-25 09:23:07.943 [restartedMain] INFO  o.a.c.c.C.[Tomcat].[localhost].[/] - Initializing Spring embedded WebApplicationContext
2025-12-25 09:23:08.723 [restartedMain] INFO  o.s.s.web.DefaultSecurityFilterChain - Will secure any request with [org.springframework.security.web.session.DisableEncodeUrlFilter@6a19538f, org.springframework.security.web.context.request.async.WebAsyncManagerIntegrationFilter@56b7f684, org.springframework.security.web.context.SecurityContextHolderFilter@7bf021d6, org.springframework.security.web.header.HeaderWriterFilter@4f2a4a63, org.springframework.web.filter.CorsFilter@53ef00e, org.springframework.security.web.authentication.logout.LogoutFilter@38e4630c, org.springframework.security.web.savedrequest.RequestCacheAwareFilter@774b7454, org.springframework.security.web.servletapi.SecurityContextHolderAwareRequestFilter@12303b76, org.springframework.security.web.authentication.AnonymousAuthenticationFilter@40a8df11, org.springframework.security.web.access.ExceptionTranslationFilter@26a61dc2, org.springframework.security.web.access.intercept.AuthorizationFilter@36a060a]
2025-12-25 09:23:08.952 [restartedMain] INFO  o.a.coyote.http11.Http11NioProtocol - Starting ProtocolHandler ["http-nio-8080"]
2025-12-25 09:23:08.976 [restartedMain] INFO  com.example.demo.Demo1Application - Started Demo1Application in 2.676 seconds (process running for 7.746)
2025-12-25 09:23:24.844 [http-nio-8080-exec-1] INFO  o.a.c.c.C.[Tomcat].[localhost].[/] - Initializing Spring DispatcherServlet 'dispatcherServlet'
2025-12-25 09:23:24.844 [http-nio-8080-exec-1] INFO  o.s.web.servlet.DispatcherServlet - Initializing Servlet 'dispatcherServlet'
2025-12-25 09:23:24.845 [http-nio-8080-exec-1] INFO  o.s.web.servlet.DispatcherServlet - Completed initialization in 1 ms
2025-12-25 14:04:59.181 [Thread-5] INFO  o.a.coyote.http11.Http11NioProtocol - Pausing ProtocolHandler ["http-nio-8080"]
2025-12-25 14:04:59.185 [Thread-5] INFO  o.a.catalina.core.StandardService - Stopping service [Tomcat]
2025-12-25 14:04:59.190 [Thread-5] INFO  o.a.c.c.C.[Tomcat].[localhost].[/] - Destroying Spring FrameworkServlet 'dispatcherServlet'
2025-12-25 14:04:59.209 [Thread-5] INFO  o.a.coyote.http11.Http11NioProtocol - Stopping ProtocolHandler ["http-nio-8080"]
2025-12-25 14:04:59.214 [Thread-5] INFO  o.a.coyote.http11.Http11NioProtocol - Destroying ProtocolHandler ["http-nio-8080"]
2025-12-25 14:04:59.366 [restartedMain] INFO  com.example.demo.Demo1Application - Starting Demo1Application using Java 17.0.15 with PID 36096 (D:\workspace\java项目\demo10\target\classes started by MyPC in D:\workspace\java项目\demo10)
2025-12-25 14:04:59.367 [restartedMain] DEBUG com.example.demo.Demo1Application - Running with Spring Boot v3.1.5, Spring v6.0.13
2025-12-25 14:04:59.367 [restartedMain] INFO  com.example.demo.Demo1Application - No active profile set, falling back to 1 default profile: "default"
2025-12-25 14:04:59.713 [restartedMain] INFO  o.a.coyote.http11.Http11NioProtocol - Initializing ProtocolHandler ["http-nio-8080"]
2025-12-25 14:04:59.714 [restartedMain] INFO  o.a.catalina.core.StandardService - Starting service [Tomcat]
2025-12-25 14:04:59.714 [restartedMain] INFO  o.a.catalina.core.StandardEngine - Starting Servlet engine: [Apache Tomcat/10.1.15]
2025-12-25 14:04:59.725 [restartedMain] INFO  o.a.c.c.C.[Tomcat].[localhost].[/] - Initializing Spring embedded WebApplicationContext
2025-12-25 14:04:59.992 [restartedMain] INFO  o.s.s.web.DefaultSecurityFilterChain - Will secure any request with [org.springframework.security.web.session.DisableEncodeUrlFilter@7ccc620d, org.springframework.security.web.context.request.async.WebAsyncManagerIntegrationFilter@7bf1fabc, org.springframework.security.web.context.SecurityContextHolderFilter@7b6314b5, org.springframework.security.web.header.HeaderWriterFilter@4eabf5df, org.springframework.web.filter.CorsFilter@65d5b9a5, org.springframework.security.web.authentication.logout.LogoutFilter@17920505, org.springframework.security.web.savedrequest.RequestCacheAwareFilter@a9a031d, org.springframework.security.web.servletapi.SecurityContextHolderAwareRequestFilter@652365ec, org.springframework.security.web.authentication.AnonymousAuthenticationFilter@156f8938, org.springframework.security.web.access.ExceptionTranslationFilter@3e9a3983, org.springframework.security.web.access.intercept.AuthorizationFilter@33386e41]
2025-12-25 14:05:00.194 [restartedMain] INFO  o.a.coyote.http11.Http11NioProtocol - Starting ProtocolHandler ["http-nio-8080"]
2025-12-25 14:05:00.200 [restartedMain] INFO  com.example.demo.Demo1Application - Started Demo1Application in 0.882 seconds (process running for 16918.97)
2025-12-25 14:05:01.618 [Thread-7] INFO  o.a.coyote.http11.Http11NioProtocol - Pausing ProtocolHandler ["http-nio-8080"]
2025-12-25 14:05:01.619 [Thread-7] INFO  o.a.catalina.core.StandardService - Stopping service [Tomcat]
2025-12-25 14:05:01.620 [Thread-7] INFO  o.a.coyote.http11.Http11NioProtocol - Stopping ProtocolHandler ["http-nio-8080"]
2025-12-25 14:05:01.622 [Thread-7] INFO  o.a.coyote.http11.Http11NioProtocol - Destroying ProtocolHandler ["http-nio-8080"]
2025-12-25 14:05:01.694 [restartedMain] INFO  com.example.demo.Demo1Application - Starting Demo1Application using Java 17.0.15 with PID 36096 (D:\workspace\java项目\demo10\target\classes started by MyPC in D:\workspace\java项目\demo10)
2025-12-25 14:05:01.694 [restartedMain] DEBUG com.example.demo.Demo1Application - Running with Spring Boot v3.1.5, Spring v6.0.13
2025-12-25 14:05:01.694 [restartedMain] INFO  com.example.demo.Demo1Application - No active profile set, falling back to 1 default profile: "default"
2025-12-25 14:05:01.921 [restartedMain] INFO  o.a.coyote.http11.Http11NioProtocol - Initializing ProtocolHandler ["http-nio-8080"]
2025-12-25 14:05:01.922 [restartedMain] INFO  o.a.catalina.core.StandardService - Starting service [Tomcat]
2025-12-25 14:05:01.922 [restartedMain] INFO  o.a.catalina.core.StandardEngine - Starting Servlet engine: [Apache Tomcat/10.1.15]
2025-12-25 14:05:01.934 [restartedMain] INFO  o.a.c.c.C.[Tomcat].[localhost].[/] - Initializing Spring embedded WebApplicationContext
2025-12-25 14:05:02.123 [restartedMain] INFO  o.s.s.web.DefaultSecurityFilterChain - Will secure any request with [org.springframework.security.web.session.DisableEncodeUrlFilter@7ec2013f, org.springframework.security.web.context.request.async.WebAsyncManagerIntegrationFilter@43c5ded4, org.springframework.security.web.context.SecurityContextHolderFilter@798d0ce8, org.springframework.security.web.header.HeaderWriterFilter@205b2fdc, org.springframework.web.filter.CorsFilter@5a65bb8, org.springframework.security.web.authentication.logout.LogoutFilter@5c2c22d9, org.springframework.security.web.savedrequest.RequestCacheAwareFilter@659b3df5, org.springframework.security.web.servletapi.SecurityContextHolderAwareRequestFilter@340b6145, org.springframework.security.web.authentication.AnonymousAuthenticationFilter@5e165cdc, org.springframework.security.web.access.ExceptionTranslationFilter@1d498112, org.springframework.security.web.access.intercept.AuthorizationFilter@f0a9c2c]
2025-12-25 14:05:02.245 [restartedMain] INFO  o.a.coyote.http11.Http11NioProtocol - Starting ProtocolHandler ["http-nio-8080"]
2025-12-25 14:05:02.250 [restartedMain] INFO  com.example.demo.Demo1Application - Started Demo1Application in 0.589 seconds (process running for 16921.021)
2025-12-25 14:10:15.686 [Thread-11] INFO  o.a.coyote.http11.Http11NioProtocol - Pausing ProtocolHandler ["http-nio-8080"]
2025-12-25 14:10:15.686 [Thread-11] INFO  o.a.catalina.core.StandardService - Stopping service [Tomcat]
2025-12-25 14:10:15.690 [Thread-11] INFO  o.a.coyote.http11.Http11NioProtocol - Stopping ProtocolHandler ["http-nio-8080"]
2025-12-25 14:10:15.692 [Thread-11] INFO  o.a.coyote.http11.Http11NioProtocol - Destroying ProtocolHandler ["http-nio-8080"]
2025-12-25 14:10:15.799 [restartedMain] INFO  com.example.demo.Demo1Application - Starting Demo1Application using Java 17.0.15 with PID 36096 (D:\workspace\java项目\demo10\target\classes started by MyPC in D:\workspace\java项目\demo10)
2025-12-25 14:10:15.800 [restartedMain] DEBUG com.example.demo.Demo1Application - Running with Spring Boot v3.1.5, Spring v6.0.13
2025-12-25 14:10:15.800 [restartedMain] INFO  com.example.demo.Demo1Application - No active profile set, falling back to 1 default profile: "default"
2025-12-25 14:10:16.047 [restartedMain] INFO  o.a.coyote.http11.Http11NioProtocol - Initializing ProtocolHandler ["http-nio-8080"]
2025-12-25 14:10:16.047 [restartedMain] INFO  o.a.catalina.core.StandardService - Starting service [Tomcat]
2025-12-25 14:10:16.047 [restartedMain] INFO  o.a.catalina.core.StandardEngine - Starting Servlet engine: [Apache Tomcat/10.1.15]
2025-12-25 14:10:16.055 [restartedMain] INFO  o.a.c.c.C.[Tomcat].[localhost].[/] - Initializing Spring embedded WebApplicationContext
2025-12-25 14:10:16.246 [restartedMain] INFO  o.s.s.web.DefaultSecurityFilterChain - Will secure any request with [org.springframework.security.web.session.DisableEncodeUrlFilter@20fd60d7, org.springframework.security.web.context.request.async.WebAsyncManagerIntegrationFilter@580c771b, org.springframework.security.web.context.SecurityContextHolderFilter@6f38ef8a, org.springframework.security.web.header.HeaderWriterFilter@461674d7, org.springframework.web.filter.CorsFilter@6e2741af, org.springframework.security.web.authentication.logout.LogoutFilter@29f52c9, org.springframework.security.web.savedrequest.RequestCacheAwareFilter@10fd88ef, org.springframework.security.web.servletapi.SecurityContextHolderAwareRequestFilter@5f36cb4f, org.springframework.security.web.authentication.AnonymousAuthenticationFilter@1f4f0d01, org.springframework.security.web.access.ExceptionTranslationFilter@372f157a, org.springframework.security.web.access.intercept.AuthorizationFilter@175cd8a2]
2025-12-25 14:10:16.352 [restartedMain] INFO  o.a.coyote.http11.Http11NioProtocol - Starting ProtocolHandler ["http-nio-8080"]
2025-12-25 14:10:16.363 [restartedMain] INFO  com.example.demo.Demo1Application - Started Demo1Application in 0.615 seconds (process running for 17235.133)
2025-12-25 14:11:14.826 [Thread-15] INFO  o.a.coyote.http11.Http11NioProtocol - Pausing ProtocolHandler ["http-nio-8080"]
2025-12-25 14:11:14.826 [Thread-15] INFO  o.a.catalina.core.StandardService - Stopping service [Tomcat]
2025-12-25 14:11:14.829 [Thread-15] INFO  o.a.coyote.http11.Http11NioProtocol - Stopping ProtocolHandler ["http-nio-8080"]
2025-12-25 14:11:14.830 [Thread-15] INFO  o.a.coyote.http11.Http11NioProtocol - Destroying ProtocolHandler ["http-nio-8080"]
2025-12-25 14:11:14.909 [restartedMain] INFO  com.example.demo.Demo1Application - Starting Demo1Application using Java 17.0.15 with PID 36096 (D:\workspace\java项目\demo10\target\classes started by MyPC in D:\workspace\java项目\demo10)
2025-12-25 14:11:14.909 [restartedMain] DEBUG com.example.demo.Demo1Application - Running with Spring Boot v3.1.5, Spring v6.0.13
2025-12-25 14:11:14.909 [restartedMain] INFO  com.example.demo.Demo1Application - No active profile set, falling back to 1 default profile: "default"
2025-12-25 14:11:15.097 [restartedMain] INFO  o.a.coyote.http11.Http11NioProtocol - Initializing ProtocolHandler ["http-nio-8080"]
2025-12-25 14:11:15.097 [restartedMain] INFO  o.a.catalina.core.StandardService - Starting service [Tomcat]
2025-12-25 14:11:15.097 [restartedMain] INFO  o.a.catalina.core.StandardEngine - Starting Servlet engine: [Apache Tomcat/10.1.15]
2025-12-25 14:11:15.103 [restartedMain] INFO  o.a.c.c.C.[Tomcat].[localhost].[/] - Initializing Spring embedded WebApplicationContext
2025-12-25 14:11:15.122 [restartedMain] WARN  o.s.b.w.s.c.AnnotationConfigServletWebServerApplicationContext - Exception encountered during context initialization - cancelling refresh attempt: org.springframework.beans.factory.BeanCreationException: Error creating bean with name 'globalExceptionHandler': Lookup method resolution failed
2025-12-25 14:11:15.123 [restartedMain] INFO  o.a.catalina.core.StandardService - Stopping service [Tomcat]
2025-12-25 14:11:15.143 [restartedMain] ERROR o.s.boot.SpringApplication - Application run failed
org.springframework.beans.factory.BeanCreationException: Error creating bean with name 'globalExceptionHandler': Lookup method resolution failed
	at org.springframework.beans.factory.annotation.AutowiredAnnotationBeanPostProcessor.checkLookupMethods(AutowiredAnnotationBeanPostProcessor.java:481)
	at org.springframework.beans.factory.annotation.AutowiredAnnotationBeanPostProcessor.determineCandidateConstructors(AutowiredAnnotationBeanPostProcessor.java:351)
	at org.springframework.beans.factory.support.AbstractAutowireCapableBeanFactory.determineConstructorsFromBeanPostProcessors(AbstractAutowireCapableBeanFactory.java:1291)
	at org.springframework.beans.factory.support.AbstractAutowireCapableBeanFactory.createBeanInstance(AbstractAutowireCapableBeanFactory.java:1186)
	at org.springframework.beans.factory.support.AbstractAutowireCapableBeanFactory.doCreateBean(AbstractAutowireCapableBeanFactory.java:560)
	at org.springframework.beans.factory.support.AbstractAutowireCapableBeanFactory.createBean(AbstractAutowireCapableBeanFactory.java:520)
	at org.springframework.beans.factory.support.AbstractBeanFactory.lambda$doGetBean$0(AbstractBeanFactory.java:325)
	at org.springframework.beans.factory.support.DefaultSingletonBeanRegistry.getSingleton(DefaultSingletonBeanRegistry.java:234)
	at org.springframework.beans.factory.support.AbstractBeanFactory.doGetBean(AbstractBeanFactory.java:323)
	at org.springframework.beans.factory.support.AbstractBeanFactory.getBean(AbstractBeanFactory.java:199)
	at org.springframework.beans.factory.support.DefaultListableBeanFactory.preInstantiateSingletons(DefaultListableBeanFactory.java:973)
	at org.springframework.context.support.AbstractApplicationContext.finishBeanFactoryInitialization(AbstractApplicationContext.java:950)
	at org.springframework.context.support.AbstractApplicationContext.refresh(AbstractApplicationContext.java:616)
	at org.springframework.boot.web.servlet.context.ServletWebServerApplicationContext.refresh(ServletWebServerApplicationContext.java:146)
	at org.springframework.boot.SpringApplication.refresh(SpringApplication.java:738)
	at org.springframework.boot.SpringApplication.refreshContext(SpringApplication.java:440)
	at org.springframework.boot.SpringApplication.run(SpringApplication.java:316)
	at org.springframework.boot.SpringApplication.run(SpringApplication.java:1306)
	at org.springframework.boot.SpringApplication.run(SpringApplication.java:1295)
	at com.example.demo.Demo1Application.main(Demo1Application.java:10)
	at java.base/jdk.internal.reflect.NativeMethodAccessorImpl.invoke0(Native Method)
	at java.base/jdk.internal.reflect.NativeMethodAccessorImpl.invoke(NativeMethodAccessorImpl.java:77)
	at java.base/jdk.internal.reflect.DelegatingMethodAccessorImpl.invoke(DelegatingMethodAccessorImpl.java:43)
	at java.base/java.lang.reflect.Method.invoke(Method.java:568)
	at org.springframework.boot.devtools.restart.RestartLauncher.run(RestartLauncher.java:50)
Caused by: java.lang.IllegalStateException: Failed to introspect Class [com.example.demo.config.handler.GlobalExceptionHandler] from ClassLoader [org.springframework.boot.devtools.restart.classloader.RestartClassLoader@76b8301]
	at org.springframework.util.ReflectionUtils.getDeclaredMethods(ReflectionUtils.java:483)
	at org.springframework.util.ReflectionUtils.doWithLocalMethods(ReflectionUtils.java:320)
	at org.springframework.beans.factory.annotation.AutowiredAnnotationBeanPostProcessor.checkLookupMethods(AutowiredAnnotationBeanPostProcessor.java:459)
	... 24 common frames omitted
Caused by: java.lang.NoClassDefFoundError: com/example/demo/util/response/BaseResponse
	at java.base/java.lang.Class.getDeclaredMethods0(Native Method)
	at java.base/java.lang.Class.privateGetDeclaredMethods(Class.java:3402)
	at java.base/java.lang.Class.getDeclaredMethods(Class.java:2504)
	at org.springframework.util.ReflectionUtils.getDeclaredMethods(ReflectionUtils.java:465)
	... 26 common frames omitted
Caused by: java.lang.ClassNotFoundException: com.example.demo.util.response.BaseResponse
	at java.base/jdk.internal.loader.BuiltinClassLoader.loadClass(BuiltinClassLoader.java:641)
	at java.base/jdk.internal.loader.ClassLoaders$AppClassLoader.loadClass(ClassLoaders.java:188)
	at java.base/java.lang.ClassLoader.loadClass(ClassLoader.java:525)
	at java.base/java.lang.Class.forName0(Native Method)
	at java.base/java.lang.Class.forName(Class.java:467)
	at org.springframework.boot.devtools.restart.classloader.RestartClassLoader.loadClass(RestartClassLoader.java:121)
	at java.base/java.lang.ClassLoader.loadClass(ClassLoader.java:525)
	... 30 common frames omitted
2025-12-25 14:15:41.961 [restartedMain] INFO  com.example.demo.Demo1Application - Starting Demo1Application using Java 17.0.15 with PID 36096 (D:\workspace\java项目\demo10\target\classes started by MyPC in D:\workspace\java项目\demo10)
2025-12-25 14:15:41.961 [restartedMain] DEBUG com.example.demo.Demo1Application - Running with Spring Boot v3.1.5, Spring v6.0.13
2025-12-25 14:15:41.962 [restartedMain] INFO  com.example.demo.Demo1Application - No active profile set, falling back to 1 default profile: "default"
2025-12-25 14:15:41.986 [restartedMain] WARN  o.s.b.w.s.c.AnnotationConfigServletWebServerApplicationContext - Exception encountered during context initialization - cancelling refresh attempt: org.springframework.beans.factory.BeanDefinitionStoreException: Failed to parse configuration class [com.example.demo.Demo1Application]
2025-12-25 14:15:41.992 [restartedMain] ERROR o.s.boot.SpringApplication - Application run failed
org.springframework.beans.factory.BeanDefinitionStoreException: Failed to parse configuration class [com.example.demo.Demo1Application]
	at org.springframework.context.annotation.ConfigurationClassParser.parse(ConfigurationClassParser.java:178)
	at org.springframework.context.annotation.ConfigurationClassPostProcessor.processConfigBeanDefinitions(ConfigurationClassPostProcessor.java:415)
	at org.springframework.context.annotation.ConfigurationClassPostProcessor.postProcessBeanDefinitionRegistry(ConfigurationClassPostProcessor.java:287)
	at org.springframework.context.support.PostProcessorRegistrationDelegate.invokeBeanDefinitionRegistryPostProcessors(PostProcessorRegistrationDelegate.java:344)
	at org.springframework.context.support.PostProcessorRegistrationDelegate.invokeBeanFactoryPostProcessors(PostProcessorRegistrationDelegate.java:115)
	at org.springframework.context.support.AbstractApplicationContext.invokeBeanFactoryPostProcessors(AbstractApplicationContext.java:779)
	at org.springframework.context.support.AbstractApplicationContext.refresh(AbstractApplicationContext.java:597)
	at org.springframework.boot.web.servlet.context.ServletWebServerApplicationContext.refresh(ServletWebServerApplicationContext.java:146)
	at org.springframework.boot.SpringApplication.refresh(SpringApplication.java:738)
	at org.springframework.boot.SpringApplication.refreshContext(SpringApplication.java:440)
	at org.springframework.boot.SpringApplication.run(SpringApplication.java:316)
	at org.springframework.boot.SpringApplication.run(SpringApplication.java:1306)
	at org.springframework.boot.SpringApplication.run(SpringApplication.java:1295)
	at com.example.demo.Demo1Application.main(Demo1Application.java:10)
	at java.base/jdk.internal.reflect.NativeMethodAccessorImpl.invoke0(Native Method)
	at java.base/jdk.internal.reflect.NativeMethodAccessorImpl.invoke(NativeMethodAccessorImpl.java:77)
	at java.base/jdk.internal.reflect.DelegatingMethodAccessorImpl.invoke(DelegatingMethodAccessorImpl.java:43)
	at java.base/java.lang.reflect.Method.invoke(Method.java:568)
	at org.springframework.boot.devtools.restart.RestartLauncher.run(RestartLauncher.java:50)
Caused by: java.io.FileNotFoundException: class path resource [com/example/demo/service/user/UserService.class] cannot be opened because it does not exist
	at org.springframework.core.io.ClassPathResource.getInputStream(ClassPathResource.java:211)
	at org.springframework.core.type.classreading.SimpleMetadataReader.getClassReader(SimpleMetadataReader.java:54)
	at org.springframework.core.type.classreading.SimpleMetadataReader.<init>(SimpleMetadataReader.java:48)
	at org.springframework.core.type.classreading.SimpleMetadataReaderFactory.getMetadataReader(SimpleMetadataReaderFactory.java:103)
	at org.springframework.boot.type.classreading.ConcurrentReferenceCachingMetadataReaderFactory.createMetadataReader(ConcurrentReferenceCachingMetadataReaderFactory.java:86)
	at org.springframework.boot.type.classreading.ConcurrentReferenceCachingMetadataReaderFactory.getMetadataReader(ConcurrentReferenceCachingMetadataReaderFactory.java:73)
	at org.springframework.core.type.classreading.SimpleMetadataReaderFactory.getMetadataReader(SimpleMetadataReaderFactory.java:81)
	at org.springframework.context.annotation.ConfigurationClassParser.asSourceClass(ConfigurationClassParser.java:613)
	at org.springframework.context.annotation.ConfigurationClassParser$SourceClass.getInterfaces(ConfigurationClassParser.java:939)
	at org.springframework.context.annotation.ConfigurationClassParser.processInterfaces(ConfigurationClassParser.java:379)
	at org.springframework.context.annotation.ConfigurationClassParser.doProcessConfigurationClass(ConfigurationClassParser.java:325)
	at org.springframework.context.annotation.ConfigurationClassParser.processConfigurationClass(ConfigurationClassParser.java:243)
	at org.springframework.context.annotation.ConfigurationClassParser.parse(ConfigurationClassParser.java:188)
	at org.springframework.context.annotation.ConfigurationClassParser.doProcessConfigurationClass(ConfigurationClassParser.java:297)
	at org.springframework.context.annotation.ConfigurationClassParser.processConfigurationClass(ConfigurationClassParser.java:243)
	at org.springframework.context.annotation.ConfigurationClassParser.parse(ConfigurationClassParser.java:196)
	at org.springframework.context.annotation.ConfigurationClassParser.parse(ConfigurationClassParser.java:164)
	... 18 common frames omitted
2025-12-25 14:17:14.111 [restartedMain] INFO  com.example.demo.Demo1Application - Starting Demo1Application using Java 17.0.15 with PID 36096 (D:\workspace\java项目\demo10\target\classes started by MyPC in D:\workspace\java项目\demo10)
2025-12-25 14:17:14.111 [restartedMain] DEBUG com.example.demo.Demo1Application - Running with Spring Boot v3.1.5, Spring v6.0.13
2025-12-25 14:17:14.111 [restartedMain] INFO  com.example.demo.Demo1Application - No active profile set, falling back to 1 default profile: "default"
2025-12-25 14:17:14.129 [restartedMain] WARN  o.s.b.w.s.c.AnnotationConfigServletWebServerApplicationContext - Exception encountered during context initialization - cancelling refresh attempt: org.springframework.beans.factory.BeanDefinitionStoreException: Failed to parse configuration class [com.example.demo.Demo1Application]
2025-12-25 14:17:14.135 [restartedMain] ERROR o.s.boot.SpringApplication - Application run failed
org.springframework.beans.factory.BeanDefinitionStoreException: Failed to parse configuration class [com.example.demo.Demo1Application]
	at org.springframework.context.annotation.ConfigurationClassParser.parse(ConfigurationClassParser.java:178)
	at org.springframework.context.annotation.ConfigurationClassPostProcessor.processConfigBeanDefinitions(ConfigurationClassPostProcessor.java:415)
	at org.springframework.context.annotation.ConfigurationClassPostProcessor.postProcessBeanDefinitionRegistry(ConfigurationClassPostProcessor.java:287)
	at org.springframework.context.support.PostProcessorRegistrationDelegate.invokeBeanDefinitionRegistryPostProcessors(PostProcessorRegistrationDelegate.java:344)
	at org.springframework.context.support.PostProcessorRegistrationDelegate.invokeBeanFactoryPostProcessors(PostProcessorRegistrationDelegate.java:115)
	at org.springframework.context.support.AbstractApplicationContext.invokeBeanFactoryPostProcessors(AbstractApplicationContext.java:779)
	at org.springframework.context.support.AbstractApplicationContext.refresh(AbstractApplicationContext.java:597)
	at org.springframework.boot.web.servlet.context.ServletWebServerApplicationContext.refresh(ServletWebServerApplicationContext.java:146)
	at org.springframework.boot.SpringApplication.refresh(SpringApplication.java:738)
	at org.springframework.boot.SpringApplication.refreshContext(SpringApplication.java:440)
	at org.springframework.boot.SpringApplication.run(SpringApplication.java:316)
	at org.springframework.boot.SpringApplication.run(SpringApplication.java:1306)
	at org.springframework.boot.SpringApplication.run(SpringApplication.java:1295)
	at com.example.demo.Demo1Application.main(Demo1Application.java:10)
	at java.base/jdk.internal.reflect.NativeMethodAccessorImpl.invoke0(Native Method)
	at java.base/jdk.internal.reflect.NativeMethodAccessorImpl.invoke(NativeMethodAccessorImpl.java:77)
	at java.base/jdk.internal.reflect.DelegatingMethodAccessorImpl.invoke(DelegatingMethodAccessorImpl.java:43)
	at java.base/java.lang.reflect.Method.invoke(Method.java:568)
	at org.springframework.boot.devtools.restart.RestartLauncher.run(RestartLauncher.java:50)
Caused by: java.io.FileNotFoundException: class path resource [com/example/demo/service/user/UserService.class] cannot be opened because it does not exist
	at org.springframework.core.io.ClassPathResource.getInputStream(ClassPathResource.java:211)
	at org.springframework.core.type.classreading.SimpleMetadataReader.getClassReader(SimpleMetadataReader.java:54)
	at org.springframework.core.type.classreading.SimpleMetadataReader.<init>(SimpleMetadataReader.java:48)
	at org.springframework.core.type.classreading.SimpleMetadataReaderFactory.getMetadataReader(SimpleMetadataReaderFactory.java:103)
	at org.springframework.boot.type.classreading.ConcurrentReferenceCachingMetadataReaderFactory.createMetadataReader(ConcurrentReferenceCachingMetadataReaderFactory.java:86)
	at org.springframework.boot.type.classreading.ConcurrentReferenceCachingMetadataReaderFactory.getMetadataReader(ConcurrentReferenceCachingMetadataReaderFactory.java:73)
	at org.springframework.core.type.classreading.SimpleMetadataReaderFactory.getMetadataReader(SimpleMetadataReaderFactory.java:81)
	at org.springframework.context.annotation.ConfigurationClassParser.asSourceClass(ConfigurationClassParser.java:613)
	at org.springframework.context.annotation.ConfigurationClassParser$SourceClass.getInterfaces(ConfigurationClassParser.java:939)
	at org.springframework.context.annotation.ConfigurationClassParser.processInterfaces(ConfigurationClassParser.java:379)
	at org.springframework.context.annotation.ConfigurationClassParser.doProcessConfigurationClass(ConfigurationClassParser.java:325)
	at org.springframework.context.annotation.ConfigurationClassParser.processConfigurationClass(ConfigurationClassParser.java:243)
	at org.springframework.context.annotation.ConfigurationClassParser.parse(ConfigurationClassParser.java:188)
	at org.springframework.context.annotation.ConfigurationClassParser.doProcessConfigurationClass(ConfigurationClassParser.java:297)
	at org.springframework.context.annotation.ConfigurationClassParser.processConfigurationClass(ConfigurationClassParser.java:243)
	at org.springframework.context.annotation.ConfigurationClassParser.parse(ConfigurationClassParser.java:196)
	at org.springframework.context.annotation.ConfigurationClassParser.parse(ConfigurationClassParser.java:164)
	... 18 common frames omitted
2025-12-25 14:21:18.119 [restartedMain] INFO  com.example.demo.Demo1Application - Starting Demo1Application using Java 17.0.15 with PID 36096 (D:\workspace\java项目\demo10\target\classes started by MyPC in D:\workspace\java项目\demo10)
2025-12-25 14:21:18.119 [restartedMain] DEBUG com.example.demo.Demo1Application - Running with Spring Boot v3.1.5, Spring v6.0.13
2025-12-25 14:21:18.120 [restartedMain] INFO  com.example.demo.Demo1Application - No active profile set, falling back to 1 default profile: "default"
2025-12-25 14:21:18.564 [restartedMain] INFO  o.a.coyote.http11.Http11NioProtocol - Initializing ProtocolHandler ["http-nio-8080"]
2025-12-25 14:21:18.564 [restartedMain] INFO  o.a.catalina.core.StandardService - Starting service [Tomcat]
2025-12-25 14:21:18.564 [restartedMain] INFO  o.a.catalina.core.StandardEngine - Starting Servlet engine: [Apache Tomcat/10.1.15]
2025-12-25 14:21:18.571 [restartedMain] INFO  o.a.c.c.C.[Tomcat-1].[localhost].[/] - Initializing Spring embedded WebApplicationContext
2025-12-25 14:21:18.595 [restartedMain] WARN  o.s.b.w.s.c.AnnotationConfigServletWebServerApplicationContext - Exception encountered during context initialization - cancelling refresh attempt: org.springframework.beans.factory.UnsatisfiedDependencyException: Error creating bean with name 'userController': Unsatisfied dependency expressed through field 'userService': No qualifying bean of type 'com.example.demo.service.user.UserService' available: expected at least 1 bean which qualifies as autowire candidate. Dependency annotations: {@org.springframework.beans.factory.annotation.Autowired(required=true)}
2025-12-25 14:21:18.595 [restartedMain] INFO  o.a.catalina.core.StandardService - Stopping service [Tomcat]
2025-12-25 14:21:18.605 [restartedMain] ERROR o.s.b.d.LoggingFailureAnalysisReporter - 

***************************
APPLICATION FAILED TO START
***************************

Description:

Field userService in com.example.demo.controller.user.UserController required a bean of type 'com.example.demo.service.user.UserService' that could not be found.

The injection point has the following annotations:
	- @org.springframework.beans.factory.annotation.Autowired(required=true)


Action:

Consider defining a bean of type 'com.example.demo.service.user.UserService' in your configuration.

2025-12-25 14:21:23.123 [restartedMain] INFO  com.example.demo.Demo1Application - Starting Demo1Application using Java 17.0.15 with PID 36096 (D:\workspace\java项目\demo10\target\classes started by MyPC in D:\workspace\java项目\demo10)
2025-12-25 14:21:23.123 [restartedMain] DEBUG com.example.demo.Demo1Application - Running with Spring Boot v3.1.5, Spring v6.0.13
2025-12-25 14:21:23.123 [restartedMain] INFO  com.example.demo.Demo1Application - No active profile set, falling back to 1 default profile: "default"
2025-12-25 14:21:23.332 [restartedMain] INFO  o.a.coyote.http11.Http11NioProtocol - Initializing ProtocolHandler ["http-nio-8080"]
2025-12-25 14:21:23.332 [restartedMain] INFO  o.a.catalina.core.StandardService - Starting service [Tomcat]
2025-12-25 14:21:23.332 [restartedMain] INFO  o.a.catalina.core.StandardEngine - Starting Servlet engine: [Apache Tomcat/10.1.15]
2025-12-25 14:21:23.340 [restartedMain] INFO  o.a.c.c.C.[Tomcat-2].[localhost].[/] - Initializing Spring embedded WebApplicationContext
2025-12-25 14:21:23.357 [restartedMain] WARN  o.s.b.w.s.c.AnnotationConfigServletWebServerApplicationContext - Exception encountered during context initialization - cancelling refresh attempt: org.springframework.beans.factory.BeanCreationException: Error creating bean with name 'globalExceptionHandler': Lookup method resolution failed
2025-12-25 14:21:23.358 [restartedMain] INFO  o.a.catalina.core.StandardService - Stopping service [Tomcat]
2025-12-25 14:21:23.363 [restartedMain] ERROR o.s.boot.SpringApplication - Application run failed
org.springframework.beans.factory.BeanCreationException: Error creating bean with name 'globalExceptionHandler': Lookup method resolution failed
	at org.springframework.beans.factory.annotation.AutowiredAnnotationBeanPostProcessor.checkLookupMethods(AutowiredAnnotationBeanPostProcessor.java:481)
	at org.springframework.beans.factory.annotation.AutowiredAnnotationBeanPostProcessor.determineCandidateConstructors(AutowiredAnnotationBeanPostProcessor.java:351)
	at org.springframework.beans.factory.support.AbstractAutowireCapableBeanFactory.determineConstructorsFromBeanPostProcessors(AbstractAutowireCapableBeanFactory.java:1291)
	at org.springframework.beans.factory.support.AbstractAutowireCapableBeanFactory.createBeanInstance(AbstractAutowireCapableBeanFactory.java:1186)
	at org.springframework.beans.factory.support.AbstractAutowireCapableBeanFactory.doCreateBean(AbstractAutowireCapableBeanFactory.java:560)
	at org.springframework.beans.factory.support.AbstractAutowireCapableBeanFactory.createBean(AbstractAutowireCapableBeanFactory.java:520)
	at org.springframework.beans.factory.support.AbstractBeanFactory.lambda$doGetBean$0(AbstractBeanFactory.java:325)
	at org.springframework.beans.factory.support.DefaultSingletonBeanRegistry.getSingleton(DefaultSingletonBeanRegistry.java:234)
	at org.springframework.beans.factory.support.AbstractBeanFactory.doGetBean(AbstractBeanFactory.java:323)
	at org.springframework.beans.factory.support.AbstractBeanFactory.getBean(AbstractBeanFactory.java:199)
	at org.springframework.beans.factory.support.DefaultListableBeanFactory.preInstantiateSingletons(DefaultListableBeanFactory.java:973)
	at org.springframework.context.support.AbstractApplicationContext.finishBeanFactoryInitialization(AbstractApplicationContext.java:950)
	at org.springframework.context.support.AbstractApplicationContext.refresh(AbstractApplicationContext.java:616)
	at org.springframework.boot.web.servlet.context.ServletWebServerApplicationContext.refresh(ServletWebServerApplicationContext.java:146)
	at org.springframework.boot.SpringApplication.refresh(SpringApplication.java:738)
	at org.springframework.boot.SpringApplication.refreshContext(SpringApplication.java:440)
	at org.springframework.boot.SpringApplication.run(SpringApplication.java:316)
	at org.springframework.boot.SpringApplication.run(SpringApplication.java:1306)
	at org.springframework.boot.SpringApplication.run(SpringApplication.java:1295)
	at com.example.demo.Demo1Application.main(Demo1Application.java:10)
	at java.base/jdk.internal.reflect.NativeMethodAccessorImpl.invoke0(Native Method)
	at java.base/jdk.internal.reflect.NativeMethodAccessorImpl.invoke(NativeMethodAccessorImpl.java:77)
	at java.base/jdk.internal.reflect.DelegatingMethodAccessorImpl.invoke(DelegatingMethodAccessorImpl.java:43)
	at java.base/java.lang.reflect.Method.invoke(Method.java:568)
	at org.springframework.boot.devtools.restart.RestartLauncher.run(RestartLauncher.java:50)
Caused by: java.lang.IllegalStateException: Failed to introspect Class [com.example.demo.config.handler.GlobalExceptionHandler] from ClassLoader [org.springframework.boot.devtools.restart.classloader.RestartClassLoader@425d9e4c]
	at org.springframework.util.ReflectionUtils.getDeclaredMethods(ReflectionUtils.java:483)
	at org.springframework.util.ReflectionUtils.doWithLocalMethods(ReflectionUtils.java:320)
	at org.springframework.beans.factory.annotation.AutowiredAnnotationBeanPostProcessor.checkLookupMethods(AutowiredAnnotationBeanPostProcessor.java:459)
	... 24 common frames omitted
Caused by: java.lang.NoClassDefFoundError: com/example/demo/util/response/BaseResponse
	at java.base/java.lang.Class.getDeclaredMethods0(Native Method)
	at java.base/java.lang.Class.privateGetDeclaredMethods(Class.java:3402)
	at java.base/java.lang.Class.getDeclaredMethods(Class.java:2504)
	at org.springframework.util.ReflectionUtils.getDeclaredMethods(ReflectionUtils.java:465)
	... 26 common frames omitted
Caused by: java.lang.ClassNotFoundException: com.example.demo.util.response.BaseResponse
	at java.base/jdk.internal.loader.BuiltinClassLoader.loadClass(BuiltinClassLoader.java:641)
	at java.base/jdk.internal.loader.ClassLoaders$AppClassLoader.loadClass(ClassLoaders.java:188)
	at java.base/java.lang.ClassLoader.loadClass(ClassLoader.java:525)
	at java.base/java.lang.Class.forName0(Native Method)
	at java.base/java.lang.Class.forName(Class.java:467)
	at org.springframework.boot.devtools.restart.classloader.RestartClassLoader.loadClass(RestartClassLoader.java:121)
	at java.base/java.lang.ClassLoader.loadClass(ClassLoader.java:525)
	... 30 common frames omitted
