2025-12-25 09:23:07.256 |  | [SQL] Searching for mappers annotated with @Mapper
2025-12-25 09:23:07.258 |  | [SQL] Using auto-configuration base package 'com.example.demo'
2025-12-25 09:23:08.147 |  | [SQL] Registered plugin: 'com.baomidou.mybatisplus.extension.plugins.MybatisPlusInterceptor@43ab1a9a'
2025-12-25 09:23:08.148 |  | [SQL] Property 'mapperLocations' was not specified.
2025-12-25 09:23:08.162 |  | [SQL] Initialization Sequence datacenterId:4 workerId:22
2025-12-25 09:23:08.830 |  | [SQL] Not found configuration for registering mapper bean using @MapperScan, MapperFactoryBean and MapperScannerConfigurer.
2025-12-25 14:04:59.569 |  | [SQL] Searching for mappers annotated with @Mapper
2025-12-25 14:04:59.569 |  | [SQL] Using auto-configuration base package 'com.example.demo'
2025-12-25 14:04:59.781 |  | [SQL] Registered plugin: 'com.baomidou.mybatisplus.extension.plugins.MybatisPlusInterceptor@3756cd8e'
2025-12-25 14:04:59.781 |  | [SQL] Property 'mapperLocations' was not specified.
2025-12-25 14:05:00.088 |  | [SQL] Not found configuration for registering mapper bean using @MapperScan, MapperFactoryBean and MapperScannerConfigurer.
2025-12-25 14:05:01.799 |  | [SQL] Searching for mappers annotated with @Mapper
2025-12-25 14:05:01.799 |  | [SQL] Using auto-configuration base package 'com.example.demo'
2025-12-25 14:05:01.992 |  | [SQL] Registered plugin: 'com.baomidou.mybatisplus.extension.plugins.MybatisPlusInterceptor@46e122cf'
2025-12-25 14:05:01.993 |  | [SQL] Property 'mapperLocations' was not specified.
2025-12-25 14:05:02.168 |  | [SQL] Not found configuration for registering mapper bean using @MapperScan, MapperFactoryBean and MapperScannerConfigurer.
2025-12-25 14:10:15.942 |  | [SQL] Searching for mappers annotated with @Mapper
2025-12-25 14:10:15.942 |  | [SQL] Using auto-configuration base package 'com.example.demo'
2025-12-25 14:10:16.108 |  | [SQL] Registered plugin: 'com.baomidou.mybatisplus.extension.plugins.MybatisPlusInterceptor@7064b06e'
2025-12-25 14:10:16.108 |  | [SQL] Property 'mapperLocations' was not specified.
2025-12-25 14:10:16.289 |  | [SQL] Not found configuration for registering mapper bean using @MapperScan, MapperFactoryBean and MapperScannerConfigurer.
2025-12-25 14:11:15.003 |  | [SQL] Searching for mappers annotated with @Mapper
2025-12-25 14:11:15.003 |  | [SQL] Using auto-configuration base package 'com.example.demo'
2025-12-25 14:21:18.377 |  | [SQL] Searching for mappers annotated with @Mapper
2025-12-25 14:21:18.377 |  | [SQL] Using auto-configuration base package 'com.example.demo'
2025-12-25 14:21:23.246 |  | [SQL] Searching for mappers annotated with @Mapper
2025-12-25 14:21:23.246 |  | [SQL] Using auto-configuration base package 'com.example.demo'
2025-12-25 15:42:07.437 [SQL] Searching for mappers annotated with @Mapper
2025-12-25 15:42:07.438 [SQL] Using auto-configuration base package 'com.example.demo'
2025-12-25 15:42:08.620 [SQL] Registered plugin: 'com.baomidou.mybatisplus.extension.plugins.MybatisPlusInterceptor@168021a6'
2025-12-25 15:42:08.792 [SQL] Parsed mapper file: 'file [D:\workspace\java项目\demo10\target\classes\mapper\UserMapping.xml]'
2025-12-25 15:42:08.802 [SQL] Initialization Sequence datacenterId:4 workerId:31
2025-12-25 15:47:14.439 [SQL] Searching for mappers annotated with @Mapper
2025-12-25 15:47:14.440 [SQL] Using auto-configuration base package 'com.example.demo'
2025-12-25 15:47:15.638 [SQL] Registered plugin: 'com.baomidou.mybatisplus.extension.plugins.MybatisPlusInterceptor@1d1b363d'
2025-12-25 15:47:15.797 [SQL] Parsed mapper file: 'file [D:\workspace\java项目\demo10\target\classes\mapper\UserMapping.xml]'
2025-12-25 15:47:15.819 [SQL] Initialization Sequence datacenterId:4 workerId:27
2025-12-25 15:50:20.262 [SQL] Searching for mappers annotated with @Mapper
2025-12-25 15:50:20.262 [SQL] Using auto-configuration base package 'com.example.demo'
2025-12-25 15:50:21.351 [SQL] Registered plugin: 'com.baomidou.mybatisplus.extension.plugins.MybatisPlusInterceptor@55242e15'
2025-12-25 15:50:21.511 [SQL] Parsed mapper file: 'file [D:\workspace\java项目\demo10\target\classes\mapper\UserMapping.xml]'
2025-12-25 15:50:21.522 [SQL] Initialization Sequence datacenterId:4 workerId:30
2025-12-25 15:50:22.511 [SQL] Not found configuration for registering mapper bean using @MapperScan, MapperFactoryBean and MapperScannerConfigurer.
2025-12-25 15:51:48.677 [SQL] Searching for mappers annotated with @Mapper
2025-12-25 15:51:48.677 [SQL] Using auto-configuration base package 'com.example.demo'
2025-12-25 15:51:48.922 [SQL] Registered plugin: 'com.baomidou.mybatisplus.extension.plugins.MybatisPlusInterceptor@7ed7e349'
2025-12-25 15:51:48.951 [SQL] Parsed mapper file: 'file [D:\workspace\java项目\demo10\target\classes\mapper\UserMapping.xml]'
2025-12-25 15:51:50.702 [SQL] Searching for mappers annotated with @Mapper
2025-12-25 15:51:50.703 [SQL] Using auto-configuration base package 'com.example.demo'
2025-12-25 15:51:50.995 [SQL] Registered plugin: 'com.baomidou.mybatisplus.extension.plugins.MybatisPlusInterceptor@35db1f54'
2025-12-25 15:51:51.016 [SQL] Parsed mapper file: 'file [D:\workspace\java项目\demo10\target\classes\mapper\UserMapping.xml]'
2025-12-25 15:51:51.376 [SQL] Not found configuration for registering mapper bean using @MapperScan, MapperFactoryBean and MapperScannerConfigurer.
2025-12-25 16:01:33.718 [SQL] Searching for mappers annotated with @Mapper
2025-12-25 16:01:33.719 [SQL] Using auto-configuration base package 'com.example.demo'
2025-12-25 16:01:33.905 [SQL] Registered plugin: 'com.baomidou.mybatisplus.extension.plugins.MybatisPlusInterceptor@c706f7b'
2025-12-25 16:01:33.925 [SQL] Parsed mapper file: 'file [D:\workspace\java项目\demo10\target\classes\mapper\UserMapping.xml]'
2025-12-25 16:01:34.167 [SQL] Not found configuration for registering mapper bean using @MapperScan, MapperFactoryBean and MapperScannerConfigurer.
2025-12-25 16:01:36.089 [SQL] Searching for mappers annotated with @Mapper
2025-12-25 16:01:36.089 [SQL] Using auto-configuration base package 'com.example.demo'
2025-12-25 16:01:36.264 [SQL] Registered plugin: 'com.baomidou.mybatisplus.extension.plugins.MybatisPlusInterceptor@1015e959'
2025-12-25 16:01:36.281 [SQL] Parsed mapper file: 'file [D:\workspace\java项目\demo10\target\classes\mapper\UserMapping.xml]'
2025-12-25 16:01:36.589 [SQL] Not found configuration for registering mapper bean using @MapperScan, MapperFactoryBean and MapperScannerConfigurer.
2025-12-25 16:01:38.380 [SQL] Searching for mappers annotated with @Mapper
2025-12-25 16:01:38.381 [SQL] Using auto-configuration base package 'com.example.demo'
2025-12-25 16:01:38.585 [SQL] Registered plugin: 'com.baomidou.mybatisplus.extension.plugins.MybatisPlusInterceptor@79ce9855'
2025-12-25 16:01:38.604 [SQL] Parsed mapper file: 'file [D:\workspace\java项目\demo10\target\classes\mapper\UserMapping.xml]'
2025-12-25 16:01:38.855 [SQL] Not found configuration for registering mapper bean using @MapperScan, MapperFactoryBean and MapperScannerConfigurer.
2025-12-25 16:01:40.712 [SQL] Searching for mappers annotated with @Mapper
2025-12-25 16:01:40.712 [SQL] Using auto-configuration base package 'com.example.demo'
2025-12-25 16:01:40.885 [SQL] Registered plugin: 'com.baomidou.mybatisplus.extension.plugins.MybatisPlusInterceptor@2fb4eb89'
2025-12-25 16:01:40.906 [SQL] Parsed mapper file: 'file [D:\workspace\java项目\demo10\target\classes\mapper\UserMapping.xml]'
2025-12-25 16:01:41.240 [SQL] Not found configuration for registering mapper bean using @MapperScan, MapperFactoryBean and MapperScannerConfigurer.
2025-12-25 16:08:14.369 [SQL] Searching for mappers annotated with @Mapper
2025-12-25 16:08:14.370 [SQL] Using auto-configuration base package 'com.example.demo'
2025-12-25 16:08:15.440 [SQL] Registered plugin: 'com.baomidou.mybatisplus.extension.plugins.MybatisPlusInterceptor@258f05a6'
2025-12-25 16:08:15.571 [SQL] Parsed mapper file: 'file [D:\workspace\java项目\demo10\target\classes\mapper\UserMapping.xml]'
2025-12-25 16:08:15.581 [SQL] Initialization Sequence datacenterId:4 workerId:17
2025-12-25 16:08:16.495 [SQL] Not found configuration for registering mapper bean using @MapperScan, MapperFactoryBean and MapperScannerConfigurer.
2025-12-25 16:15:16.486 [SQL] Searching for mappers annotated with @Mapper
2025-12-25 16:15:16.487 [SQL] Using auto-configuration base package 'com.example.demo'
2025-12-25 16:15:17.460 [SQL] Registered plugin: 'com.baomidou.mybatisplus.extension.plugins.MybatisPlusInterceptor@48b8bd8e'
2025-12-25 16:15:17.578 [SQL] Parsed mapper file: 'file [D:\workspace\java项目\demo10\target\classes\mapper\UserMapping.xml]'
2025-12-25 16:15:17.589 [SQL] Initialization Sequence datacenterId:4 workerId:28
2025-12-25 16:15:18.517 [SQL] Not found configuration for registering mapper bean using @MapperScan, MapperFactoryBean and MapperScannerConfigurer.
2025-12-25 16:17:39.912 [SQL] Searching for mappers annotated with @Mapper
2025-12-25 16:17:39.913 [SQL] Using auto-configuration base package 'com.example.demo'
2025-12-25 16:17:40.833 [SQL] Registered plugin: 'com.baomidou.mybatisplus.extension.plugins.MybatisPlusInterceptor@35dac82c'
2025-12-25 16:17:40.959 [SQL] Parsed mapper file: 'file [D:\workspace\java项目\demo10\target\classes\mapper\UserMapping.xml]'
2025-12-25 16:17:40.969 [SQL] Initialization Sequence datacenterId:4 workerId:4
2025-12-25 16:17:41.843 [SQL] Not found configuration for registering mapper bean using @MapperScan, MapperFactoryBean and MapperScannerConfigurer.
2025-12-25 16:23:24.156 [SQL] Searching for mappers annotated with @Mapper
2025-12-25 16:23:24.156 [SQL] Using auto-configuration base package 'com.example.demo'
2025-12-25 16:23:24.536 [SQL] Registered plugin: 'com.baomidou.mybatisplus.extension.plugins.MybatisPlusInterceptor@35d153a2'
2025-12-25 16:23:24.574 [SQL] Parsed mapper file: 'file [D:\workspace\java项目\demo10\target\classes\mapper\UserMapping.xml]'
2025-12-25 16:23:25.047 [SQL] Not found configuration for registering mapper bean using @MapperScan, MapperFactoryBean and MapperScannerConfigurer.
2025-12-25 16:38:42.843 [SQL] Searching for mappers annotated with @Mapper
2025-12-25 16:38:42.843 [SQL] Using auto-configuration base package 'com.example.demo'
2025-12-25 16:38:43.742 [SQL] Registered plugin: 'com.baomidou.mybatisplus.extension.plugins.MybatisPlusInterceptor@5affbf1f'
2025-12-25 16:38:43.854 [SQL] Parsed mapper file: 'file [D:\workspace\java项目\demo10\target\classes\mapper\UserMapping.xml]'
2025-12-25 16:38:43.863 [SQL] Initialization Sequence datacenterId:4 workerId:30
2025-12-25 16:38:44.727 [SQL] Not found configuration for registering mapper bean using @MapperScan, MapperFactoryBean and MapperScannerConfigurer.
2025-12-25 16:41:04.915 [SQL] Searching for mappers annotated with @Mapper
2025-12-25 16:41:04.915 [SQL] Using auto-configuration base package 'com.example.demo'
2025-12-25 16:41:05.120 [SQL] Registered plugin: 'com.baomidou.mybatisplus.extension.plugins.MybatisPlusInterceptor@34d97fb6'
2025-12-25 16:41:05.142 [SQL] Parsed mapper file: 'file [D:\workspace\java项目\demo10\target\classes\mapper\UserMapping.xml]'
2025-12-25 16:41:05.492 [SQL] Not found configuration for registering mapper bean using @MapperScan, MapperFactoryBean and MapperScannerConfigurer.
2025-12-25 16:41:14.353 [SQL] Searching for mappers annotated with @Mapper
2025-12-25 16:41:14.353 [SQL] Using auto-configuration base package 'com.example.demo'
2025-12-25 16:41:14.535 [SQL] Registered plugin: 'com.baomidou.mybatisplus.extension.plugins.MybatisPlusInterceptor@384bc3ec'
2025-12-25 16:41:14.550 [SQL] Parsed mapper file: 'file [D:\workspace\java项目\demo10\target\classes\mapper\UserMapping.xml]'
2025-12-25 16:41:14.895 [SQL] Not found configuration for registering mapper bean using @MapperScan, MapperFactoryBean and MapperScannerConfigurer.
2025-12-25 16:41:36.980 [SQL] Searching for mappers annotated with @Mapper
2025-12-25 16:41:36.980 [SQL] Using auto-configuration base package 'com.example.demo'
2025-12-25 16:41:37.161 [SQL] Registered plugin: 'com.baomidou.mybatisplus.extension.plugins.MybatisPlusInterceptor@7bb3631f'
2025-12-25 16:41:37.178 [SQL] Parsed mapper file: 'file [D:\workspace\java项目\demo10\target\classes\mapper\UserMapping.xml]'
2025-12-25 16:41:37.527 [SQL] Not found configuration for registering mapper bean using @MapperScan, MapperFactoryBean and MapperScannerConfigurer.
2025-12-25 16:42:26.135 [SQL] Searching for mappers annotated with @Mapper
2025-12-25 16:42:26.135 [SQL] Using auto-configuration base package 'com.example.demo'
2025-12-25 16:42:26.315 [SQL] Registered plugin: 'com.baomidou.mybatisplus.extension.plugins.MybatisPlusInterceptor@19cef861'
2025-12-25 16:42:26.332 [SQL] Parsed mapper file: 'file [D:\workspace\java项目\demo10\target\classes\mapper\UserMapping.xml]'
2025-12-25 16:42:26.625 [SQL] Not found configuration for registering mapper bean using @MapperScan, MapperFactoryBean and MapperScannerConfigurer.
2025-12-25 16:42:38.049 [SQL] Searching for mappers annotated with @Mapper
2025-12-25 16:42:38.049 [SQL] Using auto-configuration base package 'com.example.demo'
2025-12-25 16:42:38.958 [SQL] Registered plugin: 'com.baomidou.mybatisplus.extension.plugins.MybatisPlusInterceptor@5e414a59'
2025-12-25 16:42:39.077 [SQL] Parsed mapper file: 'file [D:\workspace\java项目\demo10\target\classes\mapper\UserMapping.xml]'
2025-12-25 16:42:39.086 [SQL] Initialization Sequence datacenterId:4 workerId:28
2025-12-25 16:42:39.947 [SQL] Not found configuration for registering mapper bean using @MapperScan, MapperFactoryBean and MapperScannerConfigurer.
2025-12-25 16:44:02.460 [SQL] Searching for mappers annotated with @Mapper
2025-12-25 16:44:02.460 [SQL] Using auto-configuration base package 'com.example.demo'
2025-12-25 16:44:02.657 [SQL] Registered plugin: 'com.baomidou.mybatisplus.extension.plugins.MybatisPlusInterceptor@6a0ae6d3'
2025-12-25 16:44:02.678 [SQL] Parsed mapper file: 'file [D:\workspace\java项目\demo10\target\classes\mapper\UserMapping.xml]'
2025-12-25 16:44:03.007 [SQL] Not found configuration for registering mapper bean using @MapperScan, MapperFactoryBean and MapperScannerConfigurer.
2025-12-25 16:44:29.039 [SQL] Searching for mappers annotated with @Mapper
2025-12-25 16:44:29.039 [SQL] Using auto-configuration base package 'com.example.demo'
2025-12-25 16:44:29.949 [SQL] Registered plugin: 'com.baomidou.mybatisplus.extension.plugins.MybatisPlusInterceptor@71a0183'
2025-12-25 16:44:30.066 [SQL] Parsed mapper file: 'file [D:\workspace\java项目\demo10\target\classes\mapper\UserMapping.xml]'
2025-12-25 16:44:30.075 [SQL] Initialization Sequence datacenterId:4 workerId:1
2025-12-25 16:44:30.939 [SQL] Not found configuration for registering mapper bean using @MapperScan, MapperFactoryBean and MapperScannerConfigurer.
2025-12-25 16:48:25.106 [SQL] Searching for mappers annotated with @Mapper
2025-12-25 16:48:25.106 [SQL] Using auto-configuration base package 'com.example.demo'
2025-12-25 16:48:26.141 [SQL] Registered plugin: 'com.baomidou.mybatisplus.extension.plugins.MybatisPlusInterceptor@55d5c162'
2025-12-25 16:48:26.271 [SQL] Parsed mapper file: 'file [D:\workspace\java项目\demo10\target\classes\mapper\UserMapping.xml]'
2025-12-25 16:48:26.281 [SQL] Initialization Sequence datacenterId:4 workerId:18
2025-12-25 16:48:27.113 [SQL] Not found configuration for registering mapper bean using @MapperScan, MapperFactoryBean and MapperScannerConfigurer.
